COMMAND: D:\Games\piper_sim\.venv\Scripts\python.exe -B -m piper_rl.scripts.evaluate_human_aware --model runs\human_aware_curriculum_hold_s4\checkpoints\piper_200000_steps.zip --algo sac --experiment randomized-id --episodes 50 --seed 21000 --out results\human_aware_curriculum_hold_s4\checkpoint_validation\step_200000
Wrapping the env with a `Monitor` wrapper
Wrapping the env in a DummyVecEnv.
{
  "experiment": "randomized-id",
  "distribution": "evaluation_id",
  "episodes": 50,
  "deterministic_prediction": true,
  "task_success_rate": 0.0,
  "task_success_95ci": [
    0.0,
    0.07135003417431873
  ],
  "collision_free_success_rate": 0.0,
  "human_collision_rate": 0.58,
  "human_collision_95ci": [
    0.4423319668777783,
    0.7062520276543307
  ],
  "near_miss_rate": 0.68,
  "mean_minimum_separation": 0.05893753261976029,
  "median_minimum_separation": -7.146580825563922e-05,
  "p05_minimum_separation": -0.03290706447512246,
  "worst_minimum_separation": -0.05955188139465613,
  "mean_completion_time_successes": null,
  "mean_episode_duration": 6.514999999999999,
  "mean_episode_length": 130.3,
  "mean_placement_error": 0.3201333329662528,
  "median_placement_error": 0.32556317012773484,
  "p90_placement_error": 0.40932057121860443,
  "grasp_rate": 0.1,
  "lift_rate": 0.0,
  "mean_safety_interventions": 110.94,
  "mean_safety_clamped_steps": 110.94,
  "mean_safety_clamp_rate": 0.8218369006566695,
  "mean_proximity_steps": 25.6,
  "mean_waiting_steps": 16.94,
  "mean_waiting_time": 0.8469999999999999,
  "mean_episode_reward": -96.78242453573293,
  "mean_human_safety_cost": 78.81153061050296
}
episode CSV: results\human_aware_curriculum_hold_s4\checkpoint_validation\step_200000.csv
summary JSON: results\human_aware_curriculum_hold_s4\checkpoint_validation\step_200000.json
