COMMAND: D:\Games\piper_sim\.venv\Scripts\python.exe -B -m piper_rl.scripts.evaluate_human_aware --model runs\human_aware_curriculum_hold_s4\checkpoints\piper_600000_steps.zip --algo sac --experiment randomized-id --episodes 50 --seed 21000 --out results\human_aware_curriculum_hold_s4\checkpoint_validation\step_600000
Wrapping the env with a `Monitor` wrapper
Wrapping the env in a DummyVecEnv.
{
  "experiment": "randomized-id",
  "distribution": "evaluation_id",
  "episodes": 50,
  "deterministic_prediction": true,
  "task_success_rate": 0.02,
  "task_success_95ci": [
    0.0035391680889764604,
    0.10495686471836953
  ],
  "collision_free_success_rate": 0.02,
  "human_collision_rate": 0.32,
  "human_collision_95ci": [
    0.20758044093999403,
    0.45810557136276076
  ],
  "near_miss_rate": 0.54,
  "mean_minimum_separation": 0.06522045507823586,
  "median_minimum_separation": 0.043960363449281475,
  "p05_minimum_separation": -0.01974543923150271,
  "worst_minimum_separation": -0.045522717653405875,
  "mean_completion_time_successes": 5.05,
  "mean_episode_duration": 7.684999999999999,
  "mean_episode_length": 153.7,
  "mean_placement_error": 0.3213370838910409,
  "median_placement_error": 0.32408713783785337,
  "p90_placement_error": 0.4440966227283636,
  "grasp_rate": 0.24,
  "lift_rate": 0.0,
  "mean_safety_interventions": 139.42,
  "mean_safety_clamped_steps": 139.42,
  "mean_safety_clamp_rate": 0.8985595549183149,
  "mean_proximity_steps": 41.34,
  "mean_waiting_steps": 32.82,
  "mean_waiting_time": 1.641,
  "mean_episode_reward": -69.9037951866158,
  "mean_human_safety_cost": 56.28214442094305
}
episode CSV: results\human_aware_curriculum_hold_s4\checkpoint_validation\step_600000.csv
summary JSON: results\human_aware_curriculum_hold_s4\checkpoint_validation\step_600000.json
