COMMAND: D:\Games\piper_sim\.venv\Scripts\python.exe -B -m piper_rl.scripts.evaluate_human_aware --model runs\human_aware_curriculum_hold_s5\checkpoints\piper_600000_steps.zip --algo sac --experiment randomized-id --episodes 50 --seed 21000 --out results\human_aware_curriculum_hold_s5\checkpoint_validation\step_600000
Wrapping the env with a `Monitor` wrapper
Wrapping the env in a DummyVecEnv.
{
  "experiment": "randomized-id",
  "distribution": "evaluation_id",
  "episodes": 50,
  "deterministic_prediction": true,
  "task_success_rate": 0.04,
  "task_success_95ci": [
    0.011038652660826577,
    0.13460337877954667
  ],
  "collision_free_success_rate": 0.04,
  "human_collision_rate": 0.3,
  "human_collision_95ci": [
    0.1910338908960936,
    0.4375061227736339
  ],
  "near_miss_rate": 0.4,
  "mean_minimum_separation": 0.10155258021794406,
  "median_minimum_separation": 0.08065994584542241,
  "p05_minimum_separation": -0.00033456055737281015,
  "worst_minimum_separation": -0.03207994944005494,
  "mean_completion_time_successes": 2.975,
  "mean_episode_duration": 7.22,
  "mean_episode_length": 144.4,
  "mean_placement_error": 0.30014340692848246,
  "median_placement_error": 0.32232464521440585,
  "p90_placement_error": 0.4189274586482829,
  "grasp_rate": 0.28,
  "lift_rate": 0.08,
  "mean_safety_interventions": 125.8,
  "mean_safety_clamped_steps": 125.8,
  "mean_safety_clamp_rate": 0.8464929209234416,
  "mean_proximity_steps": 31.16,
  "mean_waiting_steps": 26.28,
  "mean_waiting_time": 1.314,
  "mean_episode_reward": -47.34134966842585,
  "mean_human_safety_cost": 43.8513474681455
}
episode CSV: results\human_aware_curriculum_hold_s5\checkpoint_validation\step_600000.csv
summary JSON: results\human_aware_curriculum_hold_s5\checkpoint_validation\step_600000.json
