COMMAND: D:\Games\piper_sim\.venv\Scripts\python.exe -B -m piper_rl.scripts.evaluate_human_aware --model runs\human_aware_curriculum_hold_s5\best\best_model.zip --algo sac --experiment randomized-id --episodes 50 --seed 21000 --out results\human_aware_curriculum_hold_s5\checkpoint_validation\callback_best
Wrapping the env with a `Monitor` wrapper
Wrapping the env in a DummyVecEnv.
{
  "experiment": "randomized-id",
  "distribution": "evaluation_id",
  "episodes": 50,
  "deterministic_prediction": true,
  "task_success_rate": 0.74,
  "task_success_95ci": [
    0.6044657801100008,
    0.8412862034863262
  ],
  "collision_free_success_rate": 0.74,
  "human_collision_rate": 0.08,
  "human_collision_95ci": [
    0.031549003255790686,
    0.18838502545063704
  ],
  "near_miss_rate": 0.12,
  "mean_minimum_separation": 0.24993093958108567,
  "median_minimum_separation": 0.2770796059068398,
  "p05_minimum_separation": -0.0002604363699086242,
  "worst_minimum_separation": -0.041104910830825805,
  "mean_completion_time_successes": 3.0067567567567566,
  "mean_episode_duration": 4.045,
  "mean_episode_length": 80.9,
  "mean_placement_error": 0.08611286964067265,
  "median_placement_error": 0.025652924201021297,
  "p90_placement_error": 0.279969498419738,
  "grasp_rate": 0.88,
  "lift_rate": 0.7,
  "mean_safety_interventions": 70.5,
  "mean_safety_clamped_steps": 70.5,
  "mean_safety_clamp_rate": 0.8467372444663,
  "mean_proximity_steps": 8.52,
  "mean_waiting_steps": 7.04,
  "mean_waiting_time": 0.352,
  "mean_episode_reward": 194.4872052820937,
  "mean_human_safety_cost": 12.534755286706543
}
episode CSV: results\human_aware_curriculum_hold_s5\checkpoint_validation\callback_best.csv
summary JSON: results\human_aware_curriculum_hold_s5\checkpoint_validation\callback_best.json
