COMMAND: D:\Games\piper_sim\.venv\Scripts\python.exe -B -m piper_rl.scripts.evaluate_human_aware --model runs\human_aware_curriculum_hold_s5\checkpoints\piper_200000_steps.zip --algo sac --experiment randomized-id --episodes 50 --seed 21000 --out results\human_aware_curriculum_hold_s5\checkpoint_validation\step_200000
Wrapping the env with a `Monitor` wrapper
Wrapping the env in a DummyVecEnv.
{
  "experiment": "randomized-id",
  "distribution": "evaluation_id",
  "episodes": 50,
  "deterministic_prediction": true,
  "task_success_rate": 0.0,
  "task_success_95ci": [
    0.0,
    0.07135003417431873
  ],
  "collision_free_success_rate": 0.0,
  "human_collision_rate": 0.42,
  "human_collision_95ci": [
    0.2937479723456693,
    0.5576680331222217
  ],
  "near_miss_rate": 0.72,
  "mean_minimum_separation": 0.04274366490296278,
  "median_minimum_separation": 0.016876330753138748,
  "p05_minimum_separation": -0.03527103151708158,
  "worst_minimum_separation": -0.07028513691997043,
  "mean_completion_time_successes": null,
  "mean_episode_duration": 7.654,
  "mean_episode_length": 153.08,
  "mean_placement_error": 0.29916622224963413,
  "median_placement_error": 0.31681583008198877,
  "p90_placement_error": 0.41094089451510946,
  "grasp_rate": 0.08,
  "lift_rate": 0.02,
  "mean_safety_interventions": 126.68,
  "mean_safety_clamped_steps": 126.68,
  "mean_safety_clamp_rate": 0.8229373040318564,
  "mean_proximity_steps": 37.72,
  "mean_waiting_steps": 26.76,
  "mean_waiting_time": 1.338,
  "mean_episode_reward": -92.23208550252976,
  "mean_human_safety_cost": 71.16266887553722
}
episode CSV: results\human_aware_curriculum_hold_s5\checkpoint_validation\step_200000.csv
summary JSON: results\human_aware_curriculum_hold_s5\checkpoint_validation\step_200000.json
