COMMAND: D:\Games\piper_sim\.venv\Scripts\python.exe -B -m piper_rl.scripts.evaluate_human_aware --model runs\human_aware_curriculum_s2\checkpoints\piper_100000_steps.zip --algo sac --experiment randomized-id --episodes 50 --seed 21000 --out results\human_aware_curriculum_s2\checkpoint_validation\step_100000
Wrapping the env with a `Monitor` wrapper
Wrapping the env in a DummyVecEnv.
{
  "experiment": "randomized-id",
  "distribution": "evaluation_id",
  "episodes": 50,
  "deterministic_prediction": true,
  "task_success_rate": 0.02,
  "task_success_95ci": [
    0.0035391680889764604,
    0.10495686471836953
  ],
  "collision_free_success_rate": 0.02,
  "human_collision_rate": 0.36,
  "human_collision_95ci": [
    0.24138562967182875,
    0.49859237989698046
  ],
  "near_miss_rate": 0.56,
  "mean_minimum_separation": 0.08528738802568972,
  "median_minimum_separation": 0.03761413485936027,
  "p05_minimum_separation": -0.008769794659254291,
  "worst_minimum_separation": -0.03225244064286767,
  "mean_completion_time_successes": 8.8,
  "mean_episode_duration": 7.565,
  "mean_episode_length": 151.3,
  "mean_placement_error": 0.3125171848457711,
  "median_placement_error": 0.3244584891293436,
  "p90_placement_error": 0.4060669194081518,
  "grasp_rate": 0.06,
  "lift_rate": 0.0,
  "mean_safety_interventions": 139.54,
  "mean_safety_clamped_steps": 139.54,
  "mean_safety_clamp_rate": 0.9117559340374588,
  "mean_proximity_steps": 27.36,
  "mean_waiting_steps": 25.08,
  "mean_waiting_time": 1.254,
  "mean_episode_reward": -65.39250114550606,
  "mean_human_safety_cost": 54.485893997687384
}
episode CSV: results\human_aware_curriculum_s2\checkpoint_validation\step_100000.csv
summary JSON: results\human_aware_curriculum_s2\checkpoint_validation\step_100000.json
