COMMAND: D:\Games\piper_sim\.venv\Scripts\python.exe -B -m piper_rl.scripts.evaluate_human_aware --model runs\human_aware_curriculum_s2\best\best_model.zip --algo sac --experiment randomized-id --episodes 50 --seed 21000 --out results\human_aware_curriculum_s2\checkpoint_validation\callback_best
Wrapping the env with a `Monitor` wrapper
Wrapping the env in a DummyVecEnv.
{
  "experiment": "randomized-id",
  "distribution": "evaluation_id",
  "episodes": 50,
  "deterministic_prediction": true,
  "task_success_rate": 0.88,
  "task_success_95ci": [
    0.7619492111337642,
    0.9438247628937535
  ],
  "collision_free_success_rate": 0.88,
  "human_collision_rate": 0.08,
  "human_collision_95ci": [
    0.031549003255790686,
    0.18838502545063704
  ],
  "near_miss_rate": 0.12,
  "mean_minimum_separation": 0.2805948197336951,
  "median_minimum_separation": 0.3125854124462642,
  "p05_minimum_separation": -0.00010124443348602101,
  "worst_minimum_separation": -0.005125047817791772,
  "mean_completion_time_successes": 2.8068181818181817,
  "mean_episode_duration": 3.0599999999999996,
  "mean_episode_length": 61.2,
  "mean_placement_error": 0.0376137752603252,
  "median_placement_error": 0.019463588743182547,
  "p90_placement_error": 0.04656248326288745,
  "grasp_rate": 0.98,
  "lift_rate": 0.88,
  "mean_safety_interventions": 49.2,
  "mean_safety_clamped_steps": 49.2,
  "mean_safety_clamp_rate": 0.7969704966763409,
  "mean_proximity_steps": 3.4,
  "mean_waiting_steps": 2.42,
  "mean_waiting_time": 0.121,
  "mean_episode_reward": 237.80595627823718,
  "mean_human_safety_cost": 10.925680578898728
}
episode CSV: results\human_aware_curriculum_s2\checkpoint_validation\callback_best.csv
summary JSON: results\human_aware_curriculum_s2\checkpoint_validation\callback_best.json
