COMMAND: D:\Games\piper_sim\.venv\Scripts\python.exe -B -m piper_rl.scripts.evaluate_human_aware --model runs\human_aware_fixed_s1\checkpoints\piper_1500000_steps.zip --algo sac --experiment randomized-id --episodes 50 --seed 21000 --out results\human_aware_fixed_s1\checkpoint_validation\step_1500000
Wrapping the env with a `Monitor` wrapper
Wrapping the env in a DummyVecEnv.
{
  "experiment": "randomized-id",
  "distribution": "evaluation_id",
  "episodes": 50,
  "deterministic_prediction": true,
  "task_success_rate": 0.34,
  "task_success_95ci": [
    0.2243676963506106,
    0.47846431458517147
  ],
  "collision_free_success_rate": 0.32,
  "human_collision_rate": 0.18,
  "human_collision_95ci": [
    0.0977008273245379,
    0.3079631945470261
  ],
  "near_miss_rate": 0.28,
  "mean_minimum_separation": 0.19023332457645548,
  "median_minimum_separation": 0.23962699449262248,
  "p05_minimum_separation": -0.0018319645166920788,
  "worst_minimum_separation": -0.02651372138411734,
  "mean_completion_time_successes": 2.817647058823529,
  "mean_episode_duration": 5.979,
  "mean_episode_length": 119.58,
  "mean_placement_error": 0.19535720139865698,
  "median_placement_error": 0.21587026603279302,
  "p90_placement_error": 0.38796188337209897,
  "grasp_rate": 0.4,
  "lift_rate": 0.36,
  "mean_safety_interventions": 110.12,
  "mean_safety_clamped_steps": 110.12,
  "mean_safety_clamp_rate": 0.8882262825910892,
  "mean_proximity_steps": 12.62,
  "mean_waiting_steps": 7.12,
  "mean_waiting_time": 0.35600000000000004,
  "mean_episode_reward": 45.01132261682587,
  "mean_human_safety_cost": 26.174771155511618
}
episode CSV: results\human_aware_fixed_s1\checkpoint_validation\step_1500000.csv
summary JSON: results\human_aware_fixed_s1\checkpoint_validation\step_1500000.json
