COMMAND: D:\Games\piper_sim\.venv\Scripts\python.exe -B -m piper_rl.scripts.evaluate_human_aware --model runs\human_aware_fixed_s1\checkpoints\piper_200000_steps.zip --algo sac --experiment randomized-id --episodes 50 --seed 21000 --out results\human_aware_fixed_s1\checkpoint_validation\step_200000
Wrapping the env with a `Monitor` wrapper
Wrapping the env in a DummyVecEnv.
{
  "experiment": "randomized-id",
  "distribution": "evaluation_id",
  "episodes": 50,
  "deterministic_prediction": true,
  "task_success_rate": 0.0,
  "task_success_95ci": [
    0.0,
    0.07135003417431873
  ],
  "collision_free_success_rate": 0.0,
  "human_collision_rate": 0.24,
  "human_collision_95ci": [
    0.14297252401872207,
    0.3741294937519236
  ],
  "near_miss_rate": 0.44,
  "mean_minimum_separation": 0.06799009498967541,
  "median_minimum_separation": 0.06415189643495817,
  "p05_minimum_separation": -0.04005228315199697,
  "worst_minimum_separation": -0.061205803815958595,
  "mean_completion_time_successes": null,
  "mean_episode_duration": 8.201,
  "mean_episode_length": 164.02,
  "mean_placement_error": 0.3165872505687577,
  "median_placement_error": 0.32408715848924385,
  "p90_placement_error": 0.4060669798092929,
  "grasp_rate": 0.02,
  "lift_rate": 0.0,
  "mean_safety_interventions": 144.46,
  "mean_safety_clamped_steps": 144.46,
  "mean_safety_clamp_rate": 0.8886403692987428,
  "mean_proximity_steps": 38.94,
  "mean_waiting_steps": 30.0,
  "mean_waiting_time": 1.5,
  "mean_episode_reward": -103.60510776073203,
  "mean_human_safety_cost": 52.807189347667354
}
episode CSV: results\human_aware_fixed_s1\checkpoint_validation\step_200000.csv
summary JSON: results\human_aware_fixed_s1\checkpoint_validation\step_200000.json
