COMMAND: D:\Games\piper_sim\.venv\Scripts\python.exe -B -m piper_rl.scripts.evaluate_human_aware --model runs\human_aware_fixed_s1\checkpoints\piper_100000_steps.zip --algo sac --experiment randomized-id --episodes 50 --seed 21000 --out results\human_aware_fixed_s1\checkpoint_validation\step_100000
Wrapping the env with a `Monitor` wrapper
Wrapping the env in a DummyVecEnv.
{
  "experiment": "randomized-id",
  "distribution": "evaluation_id",
  "episodes": 50,
  "deterministic_prediction": true,
  "task_success_rate": 0.0,
  "task_success_95ci": [
    0.0,
    0.07135003417431873
  ],
  "collision_free_success_rate": 0.0,
  "human_collision_rate": 0.28,
  "human_collision_95ci": [
    0.17474014357680362,
    0.4166538714598967
  ],
  "near_miss_rate": 0.36,
  "mean_minimum_separation": 0.11557025483083513,
  "median_minimum_separation": 0.08706035212655114,
  "p05_minimum_separation": -0.014905483317343883,
  "worst_minimum_separation": -0.04941753844880596,
  "mean_completion_time_successes": null,
  "mean_episode_duration": 7.8919999999999995,
  "mean_episode_length": 157.84,
  "mean_placement_error": 0.3171794906574215,
  "median_placement_error": 0.3243078679515422,
  "p90_placement_error": 0.40630314072675844,
  "grasp_rate": 0.02,
  "lift_rate": 0.0,
  "mean_safety_interventions": 142.18,
  "mean_safety_clamped_steps": 142.18,
  "mean_safety_clamp_rate": 0.8961676603578713,
  "mean_proximity_steps": 27.78,
  "mean_waiting_steps": 24.82,
  "mean_waiting_time": 1.2409999999999999,
  "mean_episode_reward": -90.05231675977653,
  "mean_human_safety_cost": 44.19868950124291
}
episode CSV: results\human_aware_fixed_s1\checkpoint_validation\step_100000.csv
summary JSON: results\human_aware_fixed_s1\checkpoint_validation\step_100000.json
