COMMAND: D:\Games\piper_sim\.venv\Scripts\python.exe -B -m piper_rl.scripts.evaluate_human_aware --model runs\human_aware_fixed_s1\best\best_model.zip --algo sac --experiment randomized-id --episodes 50 --seed 21000 --out results\human_aware_fixed_s1\checkpoint_validation\callback_best
Wrapping the env with a `Monitor` wrapper
Wrapping the env in a DummyVecEnv.
{
  "experiment": "randomized-id",
  "distribution": "evaluation_id",
  "episodes": 50,
  "deterministic_prediction": true,
  "task_success_rate": 0.38,
  "task_success_95ci": [
    0.2586259584257722,
    0.5184980497760643
  ],
  "collision_free_success_rate": 0.38,
  "human_collision_rate": 0.12,
  "human_collision_95ci": [
    0.05617523710624646,
    0.23805078886623582
  ],
  "near_miss_rate": 0.2,
  "mean_minimum_separation": 0.20212357810692258,
  "median_minimum_separation": 0.26203748560005613,
  "p05_minimum_separation": -0.07035096416624226,
  "worst_minimum_separation": -0.07040431534822604,
  "mean_completion_time_successes": 2.9684210526315793,
  "mean_episode_duration": 6.1610000000000005,
  "mean_episode_length": 123.22,
  "mean_placement_error": 0.1923161943082402,
  "median_placement_error": 0.20308375453344996,
  "p90_placement_error": 0.3879618871720018,
  "grasp_rate": 0.44,
  "lift_rate": 0.4,
  "mean_safety_interventions": 117.18,
  "mean_safety_clamped_steps": 117.18,
  "mean_safety_clamp_rate": 0.9148901441024999,
  "mean_proximity_steps": 14.22,
  "mean_waiting_steps": 13.34,
  "mean_waiting_time": 0.667,
  "mean_episode_reward": 31.641917916543285,
  "mean_human_safety_cost": 36.58780487895728
}
episode CSV: results\human_aware_fixed_s1\checkpoint_validation\callback_best.csv
summary JSON: results\human_aware_fixed_s1\checkpoint_validation\callback_best.json
