COMMAND: D:\Games\piper_sim\.venv\Scripts\python.exe -B -m piper_rl.scripts.evaluate_human_aware --model runs\human_aware_fixed_s1\checkpoints\piper_400000_steps.zip --algo sac --experiment randomized-id --episodes 50 --seed 21000 --out results\human_aware_fixed_s1\checkpoint_validation\step_400000
Wrapping the env with a `Monitor` wrapper
Wrapping the env in a DummyVecEnv.
{
  "experiment": "randomized-id",
  "distribution": "evaluation_id",
  "episodes": 50,
  "deterministic_prediction": true,
  "task_success_rate": 0.0,
  "task_success_95ci": [
    0.0,
    0.07135003417431873
  ],
  "collision_free_success_rate": 0.0,
  "human_collision_rate": 0.26,
  "human_collision_95ci": [
    0.15871379651367384,
    0.3955342198899992
  ],
  "near_miss_rate": 0.64,
  "mean_minimum_separation": 0.05519748993446128,
  "median_minimum_separation": 0.03849736930435349,
  "p05_minimum_separation": -0.010057418097628635,
  "worst_minimum_separation": -0.03747872556829902,
  "mean_completion_time_successes": null,
  "mean_episode_duration": 8.302,
  "mean_episode_length": 166.04,
  "mean_placement_error": 0.3340995039790791,
  "median_placement_error": 0.3446207161027945,
  "p90_placement_error": 0.4205908775433216,
  "grasp_rate": 0.1,
  "lift_rate": 0.0,
  "mean_safety_interventions": 154.24,
  "mean_safety_clamped_steps": 154.24,
  "mean_safety_clamp_rate": 0.9337464962822734,
  "mean_proximity_steps": 41.98,
  "mean_waiting_steps": 35.64,
  "mean_waiting_time": 1.7819999999999998,
  "mean_episode_reward": -101.42136756298167,
  "mean_human_safety_cost": 56.28961542915552
}
episode CSV: results\human_aware_fixed_s1\checkpoint_validation\step_400000.csv
summary JSON: results\human_aware_fixed_s1\checkpoint_validation\step_400000.json
