COMMAND: D:\Games\piper_sim\.venv\Scripts\python.exe -B -m piper_rl.scripts.evaluate_human_aware --model runs\human_aware_curriculum_hold_safety_s8\checkpoints\piper_1000000_steps.zip --algo sac --experiment randomized-id --episodes 50 --seed 21000 --out results\human_aware_curriculum_hold_safety_s8\checkpoint_validation\step_1000000
Wrapping the env with a `Monitor` wrapper
Wrapping the env in a DummyVecEnv.
{
  "experiment": "randomized-id",
  "distribution": "evaluation_id",
  "episodes": 50,
  "deterministic_prediction": true,
  "task_success_rate": 0.0,
  "task_success_95ci": [
    0.0,
    0.07135003417431873
  ],
  "collision_free_success_rate": 0.0,
  "human_collision_rate": 0.18,
  "human_collision_95ci": [
    0.0977008273245379,
    0.3079631945470261
  ],
  "near_miss_rate": 0.22,
  "mean_minimum_separation": 0.1670308359429067,
  "median_minimum_separation": 0.17542860263685894,
  "p05_minimum_separation": -0.0004498161357725627,
  "worst_minimum_separation": -0.03301913402891896,
  "mean_completion_time_successes": null,
  "mean_episode_duration": 8.151,
  "mean_episode_length": 163.02,
  "mean_placement_error": 0.3282785835055922,
  "median_placement_error": 0.33570842276599966,
  "p90_placement_error": 0.4448636802361599,
  "grasp_rate": 0.18,
  "lift_rate": 0.0,
  "mean_safety_interventions": 140.76,
  "mean_safety_clamped_steps": 140.76,
  "mean_safety_clamp_rate": 0.8433333664549881,
  "mean_proximity_steps": 16.02,
  "mean_waiting_steps": 11.94,
  "mean_waiting_time": 0.597,
  "mean_episode_reward": -74.01570768250305,
  "mean_human_safety_cost": 27.66659665639059
}
episode CSV: results\human_aware_curriculum_hold_safety_s8\checkpoint_validation\step_1000000.csv
summary JSON: results\human_aware_curriculum_hold_safety_s8\checkpoint_validation\step_1000000.json
