COMMAND: D:\Games\piper_sim\.venv\Scripts\python.exe -B -m piper_rl.scripts.evaluate_human_aware --model runs\human_aware_curriculum_hold_safety_s8\best\best_model.zip --algo sac --experiment randomized-id --episodes 50 --seed 21000 --out results\human_aware_curriculum_hold_safety_s8\checkpoint_validation\callback_best
Wrapping the env with a `Monitor` wrapper
Wrapping the env in a DummyVecEnv.
{
  "experiment": "randomized-id",
  "distribution": "evaluation_id",
  "episodes": 50,
  "deterministic_prediction": true,
  "task_success_rate": 0.0,
  "task_success_95ci": [
    0.0,
    0.07135003417431873
  ],
  "collision_free_success_rate": 0.0,
  "human_collision_rate": 0.22,
  "human_collision_95ci": [
    0.12753786224302288,
    0.35241815689459555
  ],
  "near_miss_rate": 0.26,
  "mean_minimum_separation": 0.17757518908524975,
  "median_minimum_separation": 0.19669126871067075,
  "p05_minimum_separation": -0.0003664215099403636,
  "worst_minimum_separation": -0.031068777353716305,
  "mean_completion_time_successes": null,
  "mean_episode_duration": 8.008,
  "mean_episode_length": 160.16,
  "mean_placement_error": 0.3538550213392405,
  "median_placement_error": 0.3550505154749847,
  "p90_placement_error": 0.4608682206989062,
  "grasp_rate": 0.26,
  "lift_rate": 0.0,
  "mean_safety_interventions": 141.9,
  "mean_safety_clamped_steps": 141.9,
  "mean_safety_clamp_rate": 0.8742560116423781,
  "mean_proximity_steps": 12.54,
  "mean_waiting_steps": 9.8,
  "mean_waiting_time": 0.48999999999999994,
  "mean_episode_reward": -72.14004280855139,
  "mean_human_safety_cost": 32.28354441330968
}
episode CSV: results\human_aware_curriculum_hold_safety_s8\checkpoint_validation\callback_best.csv
summary JSON: results\human_aware_curriculum_hold_safety_s8\checkpoint_validation\callback_best.json
