COMMAND: D:\Games\piper_sim\.venv\Scripts\python.exe -B -m piper_rl.scripts.evaluate_human_aware --model runs\human_aware_curriculum_hold_safety_s8\checkpoints\piper_600000_steps.zip --algo sac --experiment randomized-id --episodes 50 --seed 21000 --out results\human_aware_curriculum_hold_safety_s8\checkpoint_validation\step_600000
Wrapping the env with a `Monitor` wrapper
Wrapping the env in a DummyVecEnv.
{
  "experiment": "randomized-id",
  "distribution": "evaluation_id",
  "episodes": 50,
  "deterministic_prediction": true,
  "task_success_rate": 0.0,
  "task_success_95ci": [
    0.0,
    0.07135003417431873
  ],
  "collision_free_success_rate": 0.0,
  "human_collision_rate": 0.28,
  "human_collision_95ci": [
    0.17474014357680362,
    0.4166538714598967
  ],
  "near_miss_rate": 0.44,
  "mean_minimum_separation": 0.11370278310064244,
  "median_minimum_separation": 0.09754951010160029,
  "p05_minimum_separation": -0.007234267115224756,
  "worst_minimum_separation": -0.02884300069405562,
  "mean_completion_time_successes": null,
  "mean_episode_duration": 8.074,
  "mean_episode_length": 161.48,
  "mean_placement_error": 0.318425603251447,
  "median_placement_error": 0.3238673271274064,
  "p90_placement_error": 0.4291417957481589,
  "grasp_rate": 0.1,
  "lift_rate": 0.02,
  "mean_safety_interventions": 150.46,
  "mean_safety_clamped_steps": 150.46,
  "mean_safety_clamp_rate": 0.9230022932652931,
  "mean_proximity_steps": 27.8,
  "mean_waiting_steps": 23.42,
  "mean_waiting_time": 1.171,
  "mean_episode_reward": -68.43244926334185,
  "mean_human_safety_cost": 44.667413174166796
}
episode CSV: results\human_aware_curriculum_hold_safety_s8\checkpoint_validation\step_600000.csv
summary JSON: results\human_aware_curriculum_hold_safety_s8\checkpoint_validation\step_600000.json
