COMMAND: D:\Games\piper_sim\.venv\Scripts\python.exe -B -m piper_rl.scripts.evaluate_human_aware --model runs\human_aware_curriculum_hold_s7\best\best_model.zip --algo sac --experiment randomized-id --episodes 50 --seed 21000 --out results\human_aware_curriculum_hold_s7\checkpoint_validation\callback_best
Wrapping the env with a `Monitor` wrapper
Wrapping the env in a DummyVecEnv.
{
  "experiment": "randomized-id",
  "distribution": "evaluation_id",
  "episodes": 50,
  "deterministic_prediction": true,
  "task_success_rate": 0.88,
  "task_success_95ci": [
    0.7619492111337642,
    0.9438247628937535
  ],
  "collision_free_success_rate": 0.88,
  "human_collision_rate": 0.04,
  "human_collision_95ci": [
    0.011038652660826577,
    0.13460337877954667
  ],
  "near_miss_rate": 0.12,
  "mean_minimum_separation": 0.2628587197590405,
  "median_minimum_separation": 0.2925564609868612,
  "p05_minimum_separation": 0.017581559947358334,
  "worst_minimum_separation": -0.0001641362912638833,
  "mean_completion_time_successes": 2.9454545454545458,
  "mean_episode_duration": 3.5780000000000003,
  "mean_episode_length": 71.56,
  "mean_placement_error": 0.033030911578231854,
  "median_placement_error": 0.022331119949359116,
  "p90_placement_error": 0.051192313393965454,
  "grasp_rate": 1.0,
  "lift_rate": 0.84,
  "mean_safety_interventions": 54.0,
  "mean_safety_clamped_steps": 54.0,
  "mean_safety_clamp_rate": 0.7209690646050548,
  "mean_proximity_steps": 8.1,
  "mean_waiting_steps": 7.34,
  "mean_waiting_time": 0.36700000000000005,
  "mean_episode_reward": 237.49678499663088,
  "mean_human_safety_cost": 10.231955996323654
}
episode CSV: results\human_aware_curriculum_hold_s7\checkpoint_validation\callback_best.csv
summary JSON: results\human_aware_curriculum_hold_s7\checkpoint_validation\callback_best.json
