COMMAND: D:\Games\piper_sim\.venv\Scripts\python.exe -B -m piper_rl.scripts.evaluate_human_aware --model runs\human_aware_curriculum_hold_s7\checkpoints\piper_200000_steps.zip --algo sac --experiment randomized-id --episodes 50 --seed 21000 --out results\human_aware_curriculum_hold_s7\checkpoint_validation\step_200000
Wrapping the env with a `Monitor` wrapper
Wrapping the env in a DummyVecEnv.
{
  "experiment": "randomized-id",
  "distribution": "evaluation_id",
  "episodes": 50,
  "deterministic_prediction": true,
  "task_success_rate": 0.0,
  "task_success_95ci": [
    0.0,
    0.07135003417431873
  ],
  "collision_free_success_rate": 0.0,
  "human_collision_rate": 0.38,
  "human_collision_95ci": [
    0.2586259584257722,
    0.5184980497760643
  ],
  "near_miss_rate": 0.58,
  "mean_minimum_separation": 0.0719659043789642,
  "median_minimum_separation": 0.02559149583946088,
  "p05_minimum_separation": -0.03293796117846268,
  "worst_minimum_separation": -0.05738064187592765,
  "mean_completion_time_successes": null,
  "mean_episode_duration": 7.322,
  "mean_episode_length": 146.44,
  "mean_placement_error": 0.30562677576331576,
  "median_placement_error": 0.3174983875052688,
  "p90_placement_error": 0.41504194255044796,
  "grasp_rate": 0.12,
  "lift_rate": 0.02,
  "mean_safety_interventions": 127.46,
  "mean_safety_clamped_steps": 127.46,
  "mean_safety_clamp_rate": 0.8664096582548888,
  "mean_proximity_steps": 36.44,
  "mean_waiting_steps": 33.46,
  "mean_waiting_time": 1.6729999999999996,
  "mean_episode_reward": -85.98271899870693,
  "mean_human_safety_cost": 68.12156394704998
}
episode CSV: results\human_aware_curriculum_hold_s7\checkpoint_validation\step_200000.csv
summary JSON: results\human_aware_curriculum_hold_s7\checkpoint_validation\step_200000.json
