COMMAND: D:\Games\piper_sim\.venv\Scripts\python.exe -B -m piper_rl.scripts.evaluate_human_aware --model runs\human_aware_curriculum_hold_s7\checkpoints\piper_1500000_steps.zip --algo sac --experiment randomized-id --episodes 50 --seed 21000 --out results\human_aware_curriculum_hold_s7\checkpoint_validation\step_1500000
Wrapping the env with a `Monitor` wrapper
Wrapping the env in a DummyVecEnv.
{
  "experiment": "randomized-id",
  "distribution": "evaluation_id",
  "episodes": 50,
  "deterministic_prediction": true,
  "task_success_rate": 0.74,
  "task_success_95ci": [
    0.6044657801100008,
    0.8412862034863262
  ],
  "collision_free_success_rate": 0.74,
  "human_collision_rate": 0.14,
  "human_collision_95ci": [
    0.06950745262022862,
    0.2618645719852809
  ],
  "near_miss_rate": 0.18,
  "mean_minimum_separation": 0.2455318709675412,
  "median_minimum_separation": 0.29439482126031014,
  "p05_minimum_separation": -0.0006254303926085671,
  "worst_minimum_separation": -0.032825552191014455,
  "mean_completion_time_successes": 2.8378378378378386,
  "mean_episode_duration": 3.784,
  "mean_episode_length": 75.68,
  "mean_placement_error": 0.07701385793652085,
  "median_placement_error": 0.02348224551968015,
  "p90_placement_error": 0.22711270748261356,
  "grasp_rate": 0.98,
  "lift_rate": 0.76,
  "mean_safety_interventions": 61.88,
  "mean_safety_clamped_steps": 61.88,
  "mean_safety_clamp_rate": 0.789519963270283,
  "mean_proximity_steps": 8.64,
  "mean_waiting_steps": 6.1,
  "mean_waiting_time": 0.305,
  "mean_episode_reward": 190.2718763174984,
  "mean_human_safety_cost": 19.03575616007372
}
episode CSV: results\human_aware_curriculum_hold_s7\checkpoint_validation\step_1500000.csv
summary JSON: results\human_aware_curriculum_hold_s7\checkpoint_validation\step_1500000.json
