COMMAND: D:\Games\piper_sim\.venv\Scripts\python.exe -B -m piper_rl.scripts.evaluate_human_aware --model runs\human_aware_curriculum_hold_s7\checkpoints\piper_1000000_steps.zip --algo sac --experiment randomized-id --episodes 50 --seed 21000 --out results\human_aware_curriculum_hold_s7\checkpoint_validation\step_1000000
Wrapping the env with a `Monitor` wrapper
Wrapping the env in a DummyVecEnv.
{
  "experiment": "randomized-id",
  "distribution": "evaluation_id",
  "episodes": 50,
  "deterministic_prediction": true,
  "task_success_rate": 0.3,
  "task_success_95ci": [
    0.1910338908960936,
    0.4375061227736339
  ],
  "collision_free_success_rate": 0.3,
  "human_collision_rate": 0.32,
  "human_collision_95ci": [
    0.20758044093999403,
    0.45810557136276076
  ],
  "near_miss_rate": 0.4,
  "mean_minimum_separation": 0.14493630835615692,
  "median_minimum_separation": 0.12308675020981406,
  "p05_minimum_separation": -0.00624706781644528,
  "worst_minimum_separation": -0.04886485087822183,
  "mean_completion_time_successes": 3.0333333333333328,
  "mean_episode_duration": 6.121999999999999,
  "mean_episode_length": 122.44,
  "mean_placement_error": 0.187248911006955,
  "median_placement_error": 0.1363911847018526,
  "p90_placement_error": 0.4330377002856242,
  "grasp_rate": 0.74,
  "lift_rate": 0.28,
  "mean_safety_interventions": 108.82,
  "mean_safety_clamped_steps": 108.82,
  "mean_safety_clamp_rate": 0.8641952855526288,
  "mean_proximity_steps": 19.46,
  "mean_waiting_steps": 17.08,
  "mean_waiting_time": 0.8540000000000001,
  "mean_episode_reward": 40.99513384683961,
  "mean_human_safety_cost": 45.67075073689479
}
episode CSV: results\human_aware_curriculum_hold_s7\checkpoint_validation\step_1000000.csv
summary JSON: results\human_aware_curriculum_hold_s7\checkpoint_validation\step_1000000.json
