COMMAND: D:\Games\piper_sim\.venv\Scripts\python.exe -B -m piper_rl.scripts.evaluate_human_aware --model runs\human_aware_fixed_s2\checkpoints\piper_200000_steps.zip --algo sac --experiment randomized-id --episodes 50 --seed 21000 --out results\human_aware_fixed_s2\checkpoint_validation\step_200000
Wrapping the env with a `Monitor` wrapper
Wrapping the env in a DummyVecEnv.
{
  "experiment": "randomized-id",
  "distribution": "evaluation_id",
  "episodes": 50,
  "deterministic_prediction": true,
  "task_success_rate": 0.0,
  "task_success_95ci": [
    0.0,
    0.07135003417431873
  ],
  "collision_free_success_rate": 0.0,
  "human_collision_rate": 0.32,
  "human_collision_95ci": [
    0.20758044093999403,
    0.45810557136276076
  ],
  "near_miss_rate": 0.56,
  "mean_minimum_separation": 0.06790254330202197,
  "median_minimum_separation": 0.04155526052878853,
  "p05_minimum_separation": -0.04851286645129223,
  "worst_minimum_separation": -0.06046690765397397,
  "mean_completion_time_successes": null,
  "mean_episode_duration": 8.011999999999999,
  "mean_episode_length": 160.24,
  "mean_placement_error": 0.31909613947809035,
  "median_placement_error": 0.3240871905907716,
  "p90_placement_error": 0.40420651626063947,
  "grasp_rate": 0.04,
  "lift_rate": 0.0,
  "mean_safety_interventions": 144.22,
  "mean_safety_clamped_steps": 144.22,
  "mean_safety_clamp_rate": 0.9085631250138373,
  "mean_proximity_steps": 35.32,
  "mean_waiting_steps": 32.46,
  "mean_waiting_time": 1.6230000000000002,
  "mean_episode_reward": -87.15147680126476,
  "mean_human_safety_cost": 60.1893262104167
}
episode CSV: results\human_aware_fixed_s2\checkpoint_validation\step_200000.csv
summary JSON: results\human_aware_fixed_s2\checkpoint_validation\step_200000.json
