COMMAND: D:\Games\piper_sim\.venv\Scripts\python.exe -B -m piper_rl.scripts.evaluate_human_aware --model runs\human_aware_fixed_s2\checkpoints\piper_100000_steps.zip --algo sac --experiment randomized-id --episodes 50 --seed 21000 --out results\human_aware_fixed_s2\checkpoint_validation\step_100000
Wrapping the env with a `Monitor` wrapper
Wrapping the env in a DummyVecEnv.
{
  "experiment": "randomized-id",
  "distribution": "evaluation_id",
  "episodes": 50,
  "deterministic_prediction": true,
  "task_success_rate": 0.0,
  "task_success_95ci": [
    0.0,
    0.07135003417431873
  ],
  "collision_free_success_rate": 0.0,
  "human_collision_rate": 0.24,
  "human_collision_95ci": [
    0.14297252401872207,
    0.3741294937519236
  ],
  "near_miss_rate": 0.46,
  "mean_minimum_separation": 0.11311942605348746,
  "median_minimum_separation": 0.08343398257932756,
  "p05_minimum_separation": -0.07037993807576484,
  "worst_minimum_separation": -0.07044894693025752,
  "mean_completion_time_successes": null,
  "mean_episode_duration": 8.334000000000001,
  "mean_episode_length": 166.68,
  "mean_placement_error": 0.3294431127726897,
  "median_placement_error": 0.3295360276400914,
  "p90_placement_error": 0.42559345038749624,
  "grasp_rate": 0.1,
  "lift_rate": 0.0,
  "mean_safety_interventions": 149.58,
  "mean_safety_clamped_steps": 149.58,
  "mean_safety_clamp_rate": 0.8981755496660364,
  "mean_proximity_steps": 28.2,
  "mean_waiting_steps": 23.3,
  "mean_waiting_time": 1.1649999999999998,
  "mean_episode_reward": -113.7784231154929,
  "mean_human_safety_cost": 57.98352142089684
}
episode CSV: results\human_aware_fixed_s2\checkpoint_validation\step_100000.csv
summary JSON: results\human_aware_fixed_s2\checkpoint_validation\step_100000.json
