COMMAND: D:\Games\piper_sim\.venv\Scripts\python.exe -B -m piper_rl.scripts.evaluate_human_aware --model runs\human_aware_fixed_s2\checkpoints\piper_600000_steps.zip --algo sac --experiment randomized-id --episodes 50 --seed 21000 --out results\human_aware_fixed_s2\checkpoint_validation\step_600000
Wrapping the env with a `Monitor` wrapper
Wrapping the env in a DummyVecEnv.
{
  "experiment": "randomized-id",
  "distribution": "evaluation_id",
  "episodes": 50,
  "deterministic_prediction": true,
  "task_success_rate": 0.0,
  "task_success_95ci": [
    0.0,
    0.07135003417431873
  ],
  "collision_free_success_rate": 0.0,
  "human_collision_rate": 0.74,
  "human_collision_95ci": [
    0.6044657801100008,
    0.8412862034863262
  ],
  "near_miss_rate": 0.92,
  "mean_minimum_separation": 0.0030353882699959583,
  "median_minimum_separation": -0.0003885586730441211,
  "p05_minimum_separation": -0.03301720528936444,
  "worst_minimum_separation": -0.03728521469759328,
  "mean_completion_time_successes": null,
  "mean_episode_duration": 5.759000000000001,
  "mean_episode_length": 115.18,
  "mean_placement_error": 0.3327661101945268,
  "median_placement_error": 0.32957197028190643,
  "p90_placement_error": 0.4255855036992902,
  "grasp_rate": 0.04,
  "lift_rate": 0.0,
  "mean_safety_interventions": 107.42,
  "mean_safety_clamped_steps": 107.42,
  "mean_safety_clamp_rate": 0.9507756568320029,
  "mean_proximity_steps": 24.52,
  "mean_waiting_steps": 22.26,
  "mean_waiting_time": 1.1129999999999998,
  "mean_episode_reward": -111.42529094155542,
  "mean_human_safety_cost": 98.34526027123553
}
episode CSV: results\human_aware_fixed_s2\checkpoint_validation\step_600000.csv
summary JSON: results\human_aware_fixed_s2\checkpoint_validation\step_600000.json
