COMMAND: D:\Games\piper_sim\.venv\Scripts\python.exe -B -m piper_rl.scripts.evaluate_human_aware --model runs\human_aware_curriculum_s1\checkpoints\piper_100000_steps.zip --algo sac --experiment randomized-id --episodes 50 --seed 21000 --out results\human_aware_curriculum_s1\checkpoint_validation\step_100000
Wrapping the env with a `Monitor` wrapper
Wrapping the env in a DummyVecEnv.
{
  "experiment": "randomized-id",
  "distribution": "evaluation_id",
  "episodes": 50,
  "deterministic_prediction": true,
  "task_success_rate": 0.0,
  "task_success_95ci": [
    0.0,
    0.07135003417431873
  ],
  "collision_free_success_rate": 0.0,
  "human_collision_rate": 0.4,
  "human_collision_95ci": [
    0.2760818978624575,
    0.5381881089724063
  ],
  "near_miss_rate": 0.72,
  "mean_minimum_separation": 0.039806644329509686,
  "median_minimum_separation": 0.012684786212886726,
  "p05_minimum_separation": -0.01944672758326817,
  "worst_minimum_separation": -0.03289773723819826,
  "mean_completion_time_successes": null,
  "mean_episode_duration": 7.396,
  "mean_episode_length": 147.92,
  "mean_placement_error": 0.31763407296702467,
  "median_placement_error": 0.32531569656217196,
  "p90_placement_error": 0.41918083662664607,
  "grasp_rate": 0.06,
  "lift_rate": 0.0,
  "mean_safety_interventions": 132.14,
  "mean_safety_clamped_steps": 132.14,
  "mean_safety_clamp_rate": 0.8854054239046011,
  "mean_proximity_steps": 44.04,
  "mean_waiting_steps": 38.88,
  "mean_waiting_time": 1.944,
  "mean_episode_reward": -86.05791634897973,
  "mean_human_safety_cost": 72.12977161133021
}
episode CSV: results\human_aware_curriculum_s1\checkpoint_validation\step_100000.csv
summary JSON: results\human_aware_curriculum_s1\checkpoint_validation\step_100000.json
