COMMAND: D:\Games\piper_sim\.venv\Scripts\python.exe -B -m piper_rl.scripts.evaluate_human_aware --model runs\human_aware_curriculum_s1\checkpoints\piper_1500000_steps.zip --algo sac --experiment randomized-id --episodes 50 --seed 21000 --out results\human_aware_curriculum_s1\checkpoint_validation\step_1500000
Wrapping the env with a `Monitor` wrapper
Wrapping the env in a DummyVecEnv.
{
  "experiment": "randomized-id",
  "distribution": "evaluation_id",
  "episodes": 50,
  "deterministic_prediction": true,
  "task_success_rate": 0.78,
  "task_success_95ci": [
    0.6475818431054045,
    0.8724621377569771
  ],
  "collision_free_success_rate": 0.78,
  "human_collision_rate": 0.14,
  "human_collision_95ci": [
    0.06950745262022862,
    0.2618645719852809
  ],
  "near_miss_rate": 0.24,
  "mean_minimum_separation": 0.23522589317132148,
  "median_minimum_separation": 0.2905587011012335,
  "p05_minimum_separation": -0.0018865587867526845,
  "worst_minimum_separation": -0.03307641312901932,
  "mean_completion_time_successes": 3.01025641025641,
  "mean_episode_duration": 3.472,
  "mean_episode_length": 69.44,
  "mean_placement_error": 0.06552888185692157,
  "median_placement_error": 0.01835029671557026,
  "p90_placement_error": 0.25278779601714174,
  "grasp_rate": 0.88,
  "lift_rate": 0.8,
  "mean_safety_interventions": 59.14,
  "mean_safety_clamped_steps": 59.14,
  "mean_safety_clamp_rate": 0.8438319822784588,
  "mean_proximity_steps": 5.9,
  "mean_waiting_steps": 4.84,
  "mean_waiting_time": 0.24200000000000002,
  "mean_episode_reward": 201.9572925684163,
  "mean_human_safety_cost": 19.522305617855093
}
episode CSV: results\human_aware_curriculum_s1\checkpoint_validation\step_1500000.csv
summary JSON: results\human_aware_curriculum_s1\checkpoint_validation\step_1500000.json
