COMMAND: D:\Games\piper_sim\.venv\Scripts\python.exe -B -m piper_rl.scripts.evaluate_human_aware --model runs\human_aware_curriculum_s1\checkpoints\piper_1000000_steps.zip --algo sac --experiment randomized-id --episodes 50 --seed 21000 --out results\human_aware_curriculum_s1\checkpoint_validation\step_1000000
Wrapping the env with a `Monitor` wrapper
Wrapping the env in a DummyVecEnv.
{
  "experiment": "randomized-id",
  "distribution": "evaluation_id",
  "episodes": 50,
  "deterministic_prediction": true,
  "task_success_rate": 0.64,
  "task_success_95ci": [
    0.5014076201030195,
    0.7586143703281711
  ],
  "collision_free_success_rate": 0.64,
  "human_collision_rate": 0.14,
  "human_collision_95ci": [
    0.06950745262022862,
    0.2618645719852809
  ],
  "near_miss_rate": 0.22,
  "mean_minimum_separation": 0.22252470757950554,
  "median_minimum_separation": 0.25585517717388884,
  "p05_minimum_separation": -0.000234183584245801,
  "worst_minimum_separation": -0.016426799560813124,
  "mean_completion_time_successes": 3.0671875,
  "mean_episode_duration": 4.849,
  "mean_episode_length": 96.98,
  "mean_placement_error": 0.1012812013880537,
  "median_placement_error": 0.03499204566651298,
  "p90_placement_error": 0.29384537499208524,
  "grasp_rate": 0.84,
  "lift_rate": 0.6,
  "mean_safety_interventions": 88.52,
  "mean_safety_clamped_steps": 88.52,
  "mean_safety_clamp_rate": 0.9076742045690037,
  "mean_proximity_steps": 9.64,
  "mean_waiting_steps": 7.86,
  "mean_waiting_time": 0.39299999999999996,
  "mean_episode_reward": 158.31228480821082,
  "mean_human_safety_cost": 17.970230455340126
}
episode CSV: results\human_aware_curriculum_s1\checkpoint_validation\step_1000000.csv
summary JSON: results\human_aware_curriculum_s1\checkpoint_validation\step_1000000.json
