COMMAND: D:\Games\piper_sim\.venv\Scripts\python.exe -B -m piper_rl.scripts.evaluate_human_aware --model runs\human_aware_curriculum_s1\checkpoints\piper_600000_steps.zip --algo sac --experiment randomized-id --episodes 50 --seed 21000 --out results\human_aware_curriculum_s1\checkpoint_validation\step_600000
Wrapping the env with a `Monitor` wrapper
Wrapping the env in a DummyVecEnv.
{
  "experiment": "randomized-id",
  "distribution": "evaluation_id",
  "episodes": 50,
  "deterministic_prediction": true,
  "task_success_rate": 0.0,
  "task_success_95ci": [
    0.0,
    0.07135003417431873
  ],
  "collision_free_success_rate": 0.0,
  "human_collision_rate": 0.38,
  "human_collision_95ci": [
    0.2586259584257722,
    0.5184980497760643
  ],
  "near_miss_rate": 0.52,
  "mean_minimum_separation": 0.0703952997709442,
  "median_minimum_separation": 0.04722907003630599,
  "p05_minimum_separation": -0.014328777213486042,
  "worst_minimum_separation": -0.0704272358684909,
  "mean_completion_time_successes": null,
  "mean_episode_duration": 7.6819999999999995,
  "mean_episode_length": 153.64,
  "mean_placement_error": 0.3114330591069827,
  "median_placement_error": 0.32392901116720246,
  "p90_placement_error": 0.4259796972400134,
  "grasp_rate": 0.16,
  "lift_rate": 0.02,
  "mean_safety_interventions": 133.06,
  "mean_safety_clamped_steps": 133.06,
  "mean_safety_clamp_rate": 0.854565911281374,
  "mean_proximity_steps": 32.96,
  "mean_waiting_steps": 29.7,
  "mean_waiting_time": 1.4849999999999997,
  "mean_episode_reward": -75.29175299482051,
  "mean_human_safety_cost": 60.07314245006143
}
episode CSV: results\human_aware_curriculum_s1\checkpoint_validation\step_600000.csv
summary JSON: results\human_aware_curriculum_s1\checkpoint_validation\step_600000.json
