COMMAND: D:\Games\piper_sim\.venv\Scripts\python.exe -B -m piper_rl.scripts.evaluate_human_aware --model runs\human_aware_curriculum_s1\checkpoints\piper_200000_steps.zip --algo sac --experiment randomized-id --episodes 50 --seed 21000 --out results\human_aware_curriculum_s1\checkpoint_validation\step_200000
Wrapping the env with a `Monitor` wrapper
Wrapping the env in a DummyVecEnv.
{
  "experiment": "randomized-id",
  "distribution": "evaluation_id",
  "episodes": 50,
  "deterministic_prediction": true,
  "task_success_rate": 0.0,
  "task_success_95ci": [
    0.0,
    0.07135003417431873
  ],
  "collision_free_success_rate": 0.0,
  "human_collision_rate": 0.34,
  "human_collision_95ci": [
    0.2243676963506106,
    0.47846431458517147
  ],
  "near_miss_rate": 0.52,
  "mean_minimum_separation": 0.08261061512032367,
  "median_minimum_separation": 0.05740189835074631,
  "p05_minimum_separation": -0.0020185715245794184,
  "worst_minimum_separation": -0.057426865407796956,
  "mean_completion_time_successes": null,
  "mean_episode_duration": 7.409000000000001,
  "mean_episode_length": 148.18,
  "mean_placement_error": 0.33281045417868044,
  "median_placement_error": 0.3299159792406535,
  "p90_placement_error": 0.4366848947532063,
  "grasp_rate": 0.14,
  "lift_rate": 0.02,
  "mean_safety_interventions": 131.48,
  "mean_safety_clamped_steps": 131.48,
  "mean_safety_clamp_rate": 0.8697835497417702,
  "mean_proximity_steps": 28.06,
  "mean_waiting_steps": 25.0,
  "mean_waiting_time": 1.25,
  "mean_episode_reward": -81.54557959011323,
  "mean_human_safety_cost": 53.0765786116211
}
episode CSV: results\human_aware_curriculum_s1\checkpoint_validation\step_200000.csv
summary JSON: results\human_aware_curriculum_s1\checkpoint_validation\step_200000.json
