Wrapping the env with a `Monitor` wrapper
Wrapping the env in a DummyVecEnv.
{
  "experiment": "no-human",
  "distribution": "no_human",
  "episodes": 200,
  "deterministic_prediction": true,
  "task_success_rate": 0.94,
  "task_success_95ci": [
    0.8980673646931491,
    0.9653481500987285
  ],
  "collision_free_success_rate": 0.94,
  "human_collision_rate": 0.0,
  "human_collision_95ci": [
    0.0,
    0.018846005918320894
  ],
  "near_miss_rate": 0.0,
  "mean_minimum_separation": 0.3483694766717502,
  "median_minimum_separation": 0.3456440720271971,
  "p05_minimum_separation": 0.24682881407850216,
  "worst_minimum_separation": 0.20702120913925567,
  "mean_completion_time_successes": 2.822074468085106,
  "mean_episode_duration": 3.2015,
  "mean_episode_length": 64.03,
  "mean_placement_error": 0.03660814870554435,
  "median_placement_error": 0.022485806857254854,
  "p90_placement_error": 0.038429681319331804,
  "grasp_rate": 0.975,
  "lift_rate": 0.925,
  "mean_safety_interventions": 55.7,
  "mean_safety_clamped_steps": 55.7,
  "mean_safety_clamp_rate": 0.8605087023857746,
  "mean_proximity_steps": 0.0,
  "mean_waiting_steps": 0.0,
  "mean_waiting_time": 0.0,
  "mean_episode_reward": 267.82102233321586,
  "mean_human_safety_cost": 0.0
}
episode CSV: results\human_aware_probe_human_cue\human_aware_fixed_s0\P1.csv
summary JSON: results\human_aware_probe_human_cue\human_aware_fixed_s0\P1.json
