COMMAND: D:\Games\piper_sim\.venv\Scripts\python.exe -B -m piper_rl.scripts.evaluate_human_aware --model runs\human_aware_random_full_s2\best\best_model.zip --algo sac --experiment randomized-id --episodes 50 --seed 21000 --out results\human_aware_random_full_s2\checkpoint_validation\callback_best
Wrapping the env with a `Monitor` wrapper
Wrapping the env in a DummyVecEnv.
{
  "experiment": "randomized-id",
  "distribution": "evaluation_id",
  "episodes": 50,
  "deterministic_prediction": true,
  "task_success_rate": 0.28,
  "task_success_95ci": [
    0.17474014357680362,
    0.4166538714598967
  ],
  "collision_free_success_rate": 0.28,
  "human_collision_rate": 0.2,
  "human_collision_95ci": [
    0.11243629945973886,
    0.3303737210448524
  ],
  "near_miss_rate": 0.28,
  "mean_minimum_separation": 0.16627573774848955,
  "median_minimum_separation": 0.14602226588250716,
  "p05_minimum_separation": -0.0004095484129997759,
  "worst_minimum_separation": -0.04973903156906035,
  "mean_completion_time_successes": 3.278571428571428,
  "mean_episode_duration": 6.316,
  "mean_episode_length": 126.32,
  "mean_placement_error": 0.23085931707796037,
  "median_placement_error": 0.24790342734886595,
  "p90_placement_error": 0.407150371048318,
  "grasp_rate": 0.56,
  "lift_rate": 0.22,
  "mean_safety_interventions": 116.08,
  "mean_safety_clamped_steps": 116.08,
  "mean_safety_clamp_rate": 0.8960648470481154,
  "mean_proximity_steps": 17.94,
  "mean_waiting_steps": 14.96,
  "mean_waiting_time": 0.748,
  "mean_episode_reward": 32.02582347988381,
  "mean_human_safety_cost": 26.142258429702878
}
episode CSV: results\human_aware_random_full_s2\checkpoint_validation\callback_best.csv
summary JSON: results\human_aware_random_full_s2\checkpoint_validation\callback_best.json
