COMMAND: D:\Games\piper_sim\.venv\Scripts\python.exe -B -m piper_rl.scripts.evaluate_human_aware --model runs\human_aware_random_full_s2\checkpoints\piper_1000000_steps.zip --algo sac --experiment randomized-id --episodes 50 --seed 21000 --out results\human_aware_random_full_s2\checkpoint_validation\step_1000000
Wrapping the env with a `Monitor` wrapper
Wrapping the env in a DummyVecEnv.
{
  "experiment": "randomized-id",
  "distribution": "evaluation_id",
  "episodes": 50,
  "deterministic_prediction": true,
  "task_success_rate": 0.02,
  "task_success_95ci": [
    0.0035391680889764604,
    0.10495686471836953
  ],
  "collision_free_success_rate": 0.02,
  "human_collision_rate": 0.26,
  "human_collision_95ci": [
    0.15871379651367384,
    0.3955342198899992
  ],
  "near_miss_rate": 0.3,
  "mean_minimum_separation": 0.11108707722422556,
  "median_minimum_separation": 0.10542829918052879,
  "p05_minimum_separation": -0.00029690191576216344,
  "worst_minimum_separation": -0.008374069454838803,
  "mean_completion_time_successes": 8.45,
  "mean_episode_duration": 7.694,
  "mean_episode_length": 153.88,
  "mean_placement_error": 0.31925794955764497,
  "median_placement_error": 0.3271459699069311,
  "p90_placement_error": 0.4193148281797158,
  "grasp_rate": 0.2,
  "lift_rate": 0.0,
  "mean_safety_interventions": 132.9,
  "mean_safety_clamped_steps": 132.9,
  "mean_safety_clamp_rate": 0.8481589604281976,
  "mean_proximity_steps": 17.4,
  "mean_waiting_steps": 12.68,
  "mean_waiting_time": 0.634,
  "mean_episode_reward": -52.63965395865469,
  "mean_human_safety_cost": 33.79536563137722
}
episode CSV: results\human_aware_random_full_s2\checkpoint_validation\step_1000000.csv
summary JSON: results\human_aware_random_full_s2\checkpoint_validation\step_1000000.json
