COMMAND: D:\Games\piper_sim\.venv\Scripts\python.exe -B -m piper_rl.scripts.evaluate_human_aware --model runs\human_aware_random_full_s2\checkpoints\piper_600000_steps.zip --algo sac --experiment randomized-id --episodes 50 --seed 21000 --out results\human_aware_random_full_s2\checkpoint_validation\step_600000
Wrapping the env with a `Monitor` wrapper
Wrapping the env in a DummyVecEnv.
{
  "experiment": "randomized-id",
  "distribution": "evaluation_id",
  "episodes": 50,
  "deterministic_prediction": true,
  "task_success_rate": 0.0,
  "task_success_95ci": [
    0.0,
    0.07135003417431873
  ],
  "collision_free_success_rate": 0.0,
  "human_collision_rate": 0.26,
  "human_collision_95ci": [
    0.15871379651367384,
    0.3955342198899992
  ],
  "near_miss_rate": 0.26,
  "mean_minimum_separation": 0.11118618566173549,
  "median_minimum_separation": 0.12842664917586533,
  "p05_minimum_separation": -0.00019534469662901426,
  "worst_minimum_separation": -0.004375223184159387,
  "mean_completion_time_successes": null,
  "mean_episode_duration": 8.148,
  "mean_episode_length": 162.96,
  "mean_placement_error": 0.31382059885313934,
  "median_placement_error": 0.3240871584898841,
  "p90_placement_error": 0.40420640185883716,
  "grasp_rate": 0.08,
  "lift_rate": 0.0,
  "mean_safety_interventions": 142.7,
  "mean_safety_clamped_steps": 142.7,
  "mean_safety_clamp_rate": 0.8598871018558424,
  "mean_proximity_steps": 16.5,
  "mean_waiting_steps": 14.42,
  "mean_waiting_time": 0.7210000000000001,
  "mean_episode_reward": -52.407425506906165,
  "mean_human_safety_cost": 31.511698611202064
}
episode CSV: results\human_aware_random_full_s2\checkpoint_validation\step_600000.csv
summary JSON: results\human_aware_random_full_s2\checkpoint_validation\step_600000.json
