COMMAND: D:\Games\piper_sim\.venv\Scripts\python.exe -B -m piper_rl.scripts.evaluate_human_aware --model runs\human_aware_curriculum_hold_s6\checkpoints\piper_1000000_steps.zip --algo sac --experiment randomized-id --episodes 50 --seed 21000 --out results\human_aware_curriculum_hold_s6\checkpoint_validation\step_1000000
Wrapping the env with a `Monitor` wrapper
Wrapping the env in a DummyVecEnv.
{
  "experiment": "randomized-id",
  "distribution": "evaluation_id",
  "episodes": 50,
  "deterministic_prediction": true,
  "task_success_rate": 0.02,
  "task_success_95ci": [
    0.0035391680889764604,
    0.10495686471836953
  ],
  "collision_free_success_rate": 0.02,
  "human_collision_rate": 0.3,
  "human_collision_95ci": [
    0.1910338908960936,
    0.4375061227736339
  ],
  "near_miss_rate": 0.5,
  "mean_minimum_separation": 0.10227681221696013,
  "median_minimum_separation": 0.061959525391150544,
  "p05_minimum_separation": -0.0003144904529607202,
  "worst_minimum_separation": -0.05836087431055437,
  "mean_completion_time_successes": 3.45,
  "mean_episode_duration": 6.824999999999999,
  "mean_episode_length": 136.5,
  "mean_placement_error": 0.3136264756823238,
  "median_placement_error": 0.3094631691466998,
  "p90_placement_error": 0.4527348785410627,
  "grasp_rate": 0.22,
  "lift_rate": 0.04,
  "mean_safety_interventions": 121.22,
  "mean_safety_clamped_steps": 121.22,
  "mean_safety_clamp_rate": 0.8629735641117642,
  "mean_proximity_steps": 27.46,
  "mean_waiting_steps": 25.38,
  "mean_waiting_time": 1.269,
  "mean_episode_reward": -69.28192132557201,
  "mean_human_safety_cost": 49.46098142546543
}
episode CSV: results\human_aware_curriculum_hold_s6\checkpoint_validation\step_1000000.csv
summary JSON: results\human_aware_curriculum_hold_s6\checkpoint_validation\step_1000000.json
