COMMAND: D:\Games\piper_sim\.venv\Scripts\python.exe -B -m piper_rl.scripts.evaluate_human_aware --model runs\human_aware_curriculum_hold_s6\checkpoints\piper_400000_steps.zip --algo sac --experiment randomized-id --episodes 50 --seed 21000 --out results\human_aware_curriculum_hold_s6\checkpoint_validation\step_400000
Wrapping the env with a `Monitor` wrapper
Wrapping the env in a DummyVecEnv.
{
  "experiment": "randomized-id",
  "distribution": "evaluation_id",
  "episodes": 50,
  "deterministic_prediction": true,
  "task_success_rate": 0.0,
  "task_success_95ci": [
    0.0,
    0.07135003417431873
  ],
  "collision_free_success_rate": 0.0,
  "human_collision_rate": 0.26,
  "human_collision_95ci": [
    0.15871379651367384,
    0.3955342198899992
  ],
  "near_miss_rate": 0.44,
  "mean_minimum_separation": 0.11663217327656282,
  "median_minimum_separation": 0.06517439827226477,
  "p05_minimum_separation": -0.00029521689820062244,
  "worst_minimum_separation": -0.00039799291832245953,
  "mean_completion_time_successes": null,
  "mean_episode_duration": 7.169,
  "mean_episode_length": 143.38,
  "mean_placement_error": 0.31772908524092336,
  "median_placement_error": 0.32988921388973974,
  "p90_placement_error": 0.4035998650167778,
  "grasp_rate": 0.22,
  "lift_rate": 0.02,
  "mean_safety_interventions": 126.86,
  "mean_safety_clamped_steps": 126.86,
  "mean_safety_clamp_rate": 0.8442468742889997,
  "mean_proximity_steps": 33.54,
  "mean_waiting_steps": 30.96,
  "mean_waiting_time": 1.548,
  "mean_episode_reward": -59.458163986615084,
  "mean_human_safety_cost": 44.63478268294233
}
episode CSV: results\human_aware_curriculum_hold_s6\checkpoint_validation\step_400000.csv
summary JSON: results\human_aware_curriculum_hold_s6\checkpoint_validation\step_400000.json
