COMMAND: D:\Games\piper_sim\.venv\Scripts\python.exe -B -m piper_rl.scripts.evaluate_human_aware --model runs\human_aware_curriculum_hold_s6\checkpoints\piper_600000_steps.zip --algo sac --experiment randomized-id --episodes 50 --seed 21000 --out results\human_aware_curriculum_hold_s6\checkpoint_validation\step_600000
Wrapping the env with a `Monitor` wrapper
Wrapping the env in a DummyVecEnv.
{
  "experiment": "randomized-id",
  "distribution": "evaluation_id",
  "episodes": 50,
  "deterministic_prediction": true,
  "task_success_rate": 0.04,
  "task_success_95ci": [
    0.011038652660826577,
    0.13460337877954667
  ],
  "collision_free_success_rate": 0.04,
  "human_collision_rate": 0.4,
  "human_collision_95ci": [
    0.2760818978624575,
    0.5381881089724063
  ],
  "near_miss_rate": 0.6,
  "mean_minimum_separation": 0.07234981910074781,
  "median_minimum_separation": 0.014047669959347885,
  "p05_minimum_separation": -0.01636995950096418,
  "worst_minimum_separation": -0.041766982234318045,
  "mean_completion_time_successes": 3.9250000000000003,
  "mean_episode_duration": 6.849999999999999,
  "mean_episode_length": 137.0,
  "mean_placement_error": 0.30054682156171725,
  "median_placement_error": 0.31845282100339056,
  "p90_placement_error": 0.42540023269169575,
  "grasp_rate": 0.48,
  "lift_rate": 0.06,
  "mean_safety_interventions": 121.2,
  "mean_safety_clamped_steps": 121.2,
  "mean_safety_clamp_rate": 0.8647179981568272,
  "mean_proximity_steps": 28.42,
  "mean_waiting_steps": 23.62,
  "mean_waiting_time": 1.181,
  "mean_episode_reward": -63.203814256103634,
  "mean_human_safety_cost": 60.49816561237385
}
episode CSV: results\human_aware_curriculum_hold_s6\checkpoint_validation\step_600000.csv
summary JSON: results\human_aware_curriculum_hold_s6\checkpoint_validation\step_600000.json
