COMMAND: D:\Games\piper_sim\.venv\Scripts\python.exe -B -m piper_rl.scripts.evaluate_human_aware --model runs\human_aware_curriculum_hold_s6\checkpoints\piper_100000_steps.zip --algo sac --experiment randomized-id --episodes 50 --seed 21000 --out results\human_aware_curriculum_hold_s6\checkpoint_validation\step_100000
Wrapping the env with a `Monitor` wrapper
Wrapping the env in a DummyVecEnv.
{
  "experiment": "randomized-id",
  "distribution": "evaluation_id",
  "episodes": 50,
  "deterministic_prediction": true,
  "task_success_rate": 0.0,
  "task_success_95ci": [
    0.0,
    0.07135003417431873
  ],
  "collision_free_success_rate": 0.0,
  "human_collision_rate": 0.52,
  "human_collision_95ci": [
    0.3851151225880844,
    0.6520308760449429
  ],
  "near_miss_rate": 0.78,
  "mean_minimum_separation": 0.040524819081610534,
  "median_minimum_separation": -4.853987414966607e-05,
  "p05_minimum_separation": -0.03307495585098864,
  "worst_minimum_separation": -0.05958665821596673,
  "mean_completion_time_successes": null,
  "mean_episode_duration": 6.895,
  "mean_episode_length": 137.9,
  "mean_placement_error": 0.33644321603033994,
  "median_placement_error": 0.32662301557035656,
  "p90_placement_error": 0.4616981700479585,
  "grasp_rate": 0.1,
  "lift_rate": 0.0,
  "mean_safety_interventions": 113.52,
  "mean_safety_clamped_steps": 113.52,
  "mean_safety_clamp_rate": 0.7964718377201582,
  "mean_proximity_steps": 37.5,
  "mean_waiting_steps": 18.78,
  "mean_waiting_time": 0.939,
  "mean_episode_reward": -123.3117810883541,
  "mean_human_safety_cost": 91.08162647835917
}
episode CSV: results\human_aware_curriculum_hold_s6\checkpoint_validation\step_100000.csv
summary JSON: results\human_aware_curriculum_hold_s6\checkpoint_validation\step_100000.json
