COMMAND: D:\Games\piper_sim\.venv\Scripts\python.exe -B -m piper_rl.scripts.evaluate_human_aware --model runs\human_aware_curriculum_hold_s6\best\best_model.zip --algo sac --experiment randomized-id --episodes 50 --seed 21000 --out results\human_aware_curriculum_hold_s6\checkpoint_validation\callback_best
Wrapping the env with a `Monitor` wrapper
Wrapping the env in a DummyVecEnv.
{
  "experiment": "randomized-id",
  "distribution": "evaluation_id",
  "episodes": 50,
  "deterministic_prediction": true,
  "task_success_rate": 0.7,
  "task_success_95ci": [
    0.562493877226366,
    0.8089661091039063
  ],
  "collision_free_success_rate": 0.7,
  "human_collision_rate": 0.12,
  "human_collision_95ci": [
    0.05617523710624646,
    0.23805078886623582
  ],
  "near_miss_rate": 0.24,
  "mean_minimum_separation": 0.23635251336786742,
  "median_minimum_separation": 0.28483452570833356,
  "p05_minimum_separation": -0.0004707048266435521,
  "worst_minimum_separation": -0.0422199354573362,
  "mean_completion_time_successes": 2.8242857142857147,
  "mean_episode_duration": 4.262,
  "mean_episode_length": 85.24,
  "mean_placement_error": 0.12103502599302604,
  "median_placement_error": 0.0254279146743389,
  "p90_placement_error": 0.4104864316165329,
  "grasp_rate": 0.96,
  "lift_rate": 0.68,
  "mean_safety_interventions": 75.82,
  "mean_safety_clamped_steps": 75.82,
  "mean_safety_clamp_rate": 0.8591473482779675,
  "mean_proximity_steps": 11.6,
  "mean_waiting_steps": 9.78,
  "mean_waiting_time": 0.48899999999999993,
  "mean_episode_reward": 164.18619530751133,
  "mean_human_safety_cost": 22.958677223327122
}
episode CSV: results\human_aware_curriculum_hold_s6\checkpoint_validation\callback_best.csv
summary JSON: results\human_aware_curriculum_hold_s6\checkpoint_validation\callback_best.json
