Wrapping the env with a `Monitor` wrapper
Wrapping the env in a DummyVecEnv.
{
  "experiment": "no-human",
  "distribution": "no_human",
  "episodes": 200,
  "deterministic_prediction": true,
  "task_success_rate": 0.97,
  "task_success_95ci": [
    0.9361048802675267,
    0.9861798741692518
  ],
  "collision_free_success_rate": 0.97,
  "human_collision_rate": 0.0,
  "human_collision_95ci": [
    0.0,
    0.018846005918320894
  ],
  "near_miss_rate": 0.0,
  "mean_minimum_separation": 0.3527914534258039,
  "median_minimum_separation": 0.35606446573612777,
  "p05_minimum_separation": 0.2557576364511494,
  "worst_minimum_separation": 0.21119282321924432,
  "mean_completion_time_successes": 2.718814432989691,
  "mean_episode_duration": 2.9372499999999997,
  "mean_episode_length": 58.745,
  "mean_placement_error": 0.02792950831570422,
  "median_placement_error": 0.022786119026081034,
  "p90_placement_error": 0.03501969603848329,
  "grasp_rate": 0.995,
  "lift_rate": 0.965,
  "mean_safety_interventions": 39.985,
  "mean_safety_clamped_steps": 39.985,
  "mean_safety_clamp_rate": 0.6622205516308497,
  "mean_proximity_steps": 0.0,
  "mean_waiting_steps": 0.0,
  "mean_waiting_time": 0.0,
  "mean_episode_reward": 276.84782409427515,
  "mean_human_safety_cost": 0.0
}
episode CSV: results\human_aware_probe_human_cue\human_aware_fixed_s1\P1.csv
summary JSON: results\human_aware_probe_human_cue\human_aware_fixed_s1\P1.json
