COMMAND: D:\Games\piper_sim\.venv\Scripts\python.exe -B -m piper_rl.scripts.evaluate_human_aware --model runs\human_aware_random_full_s1\checkpoints\piper_1000000_steps.zip --algo sac --experiment randomized-id --episodes 50 --seed 21000 --out results\human_aware_random_full_s1\checkpoint_validation\step_1000000
Wrapping the env with a `Monitor` wrapper
Wrapping the env in a DummyVecEnv.
{
  "experiment": "randomized-id",
  "distribution": "evaluation_id",
  "episodes": 50,
  "deterministic_prediction": true,
  "task_success_rate": 0.14,
  "task_success_95ci": [
    0.06950745262022862,
    0.2618645719852809
  ],
  "collision_free_success_rate": 0.14,
  "human_collision_rate": 0.38,
  "human_collision_95ci": [
    0.2586259584257722,
    0.5184980497760643
  ],
  "near_miss_rate": 0.58,
  "mean_minimum_separation": 0.08292669694554768,
  "median_minimum_separation": 0.03443907210767124,
  "p05_minimum_separation": -0.011776306026434709,
  "worst_minimum_separation": -0.037769207107548164,
  "mean_completion_time_successes": 3.314285714285714,
  "mean_episode_duration": 6.994000000000001,
  "mean_episode_length": 139.88,
  "mean_placement_error": 0.280030671678481,
  "median_placement_error": 0.31379885159668514,
  "p90_placement_error": 0.42758644032044396,
  "grasp_rate": 0.52,
  "lift_rate": 0.14,
  "mean_safety_interventions": 123.54,
  "mean_safety_clamped_steps": 123.54,
  "mean_safety_clamp_rate": 0.8626162099374423,
  "mean_proximity_steps": 29.84,
  "mean_waiting_steps": 25.56,
  "mean_waiting_time": 1.278,
  "mean_episode_reward": -24.06088146059143,
  "mean_human_safety_cost": 56.50738520856239
}
episode CSV: results\human_aware_random_full_s1\checkpoint_validation\step_1000000.csv
summary JSON: results\human_aware_random_full_s1\checkpoint_validation\step_1000000.json
