COMMAND: D:\Games\piper_sim\.venv\Scripts\python.exe -B -m piper_rl.scripts.evaluate_human_aware --model runs\human_aware_random_full_s1\best\best_model.zip --algo sac --experiment randomized-id --episodes 50 --seed 21000 --out results\human_aware_random_full_s1\checkpoint_validation\callback_best
Wrapping the env with a `Monitor` wrapper
Wrapping the env in a DummyVecEnv.
{
  "experiment": "randomized-id",
  "distribution": "evaluation_id",
  "episodes": 50,
  "deterministic_prediction": true,
  "task_success_rate": 0.88,
  "task_success_95ci": [
    0.7619492111337642,
    0.9438247628937535
  ],
  "collision_free_success_rate": 0.88,
  "human_collision_rate": 0.08,
  "human_collision_95ci": [
    0.031549003255790686,
    0.18838502545063704
  ],
  "near_miss_rate": 0.12,
  "mean_minimum_separation": 0.26817371101403525,
  "median_minimum_separation": 0.30653320715208654,
  "p05_minimum_separation": -0.00013756486478981518,
  "worst_minimum_separation": -0.0004109060662502301,
  "mean_completion_time_successes": 2.9443181818181823,
  "mean_episode_duration": 3.2439999999999998,
  "mean_episode_length": 64.88,
  "mean_placement_error": 0.04610462792221847,
  "median_placement_error": 0.02212644050706066,
  "p90_placement_error": 0.07675037687619249,
  "grasp_rate": 1.0,
  "lift_rate": 0.86,
  "mean_safety_interventions": 53.16,
  "mean_safety_clamped_steps": 53.16,
  "mean_safety_clamp_rate": 0.8052789815150773,
  "mean_proximity_steps": 3.44,
  "mean_waiting_steps": 1.68,
  "mean_waiting_time": 0.084,
  "mean_episode_reward": 238.38412483285202,
  "mean_human_safety_cost": 9.94992981689205
}
episode CSV: results\human_aware_random_full_s1\checkpoint_validation\callback_best.csv
summary JSON: results\human_aware_random_full_s1\checkpoint_validation\callback_best.json
