COMMAND: D:\Games\piper_sim\.venv\Scripts\python.exe -B -m piper_rl.scripts.evaluate_human_aware --model runs\human_aware_curriculum_hold_s3\best\best_model.zip --algo sac --experiment randomized-id --episodes 50 --seed 21000 --out results\human_aware_curriculum_hold_s3\checkpoint_validation\callback_best
Wrapping the env with a `Monitor` wrapper
Wrapping the env in a DummyVecEnv.
{
  "experiment": "randomized-id",
  "distribution": "evaluation_id",
  "episodes": 50,
  "deterministic_prediction": true,
  "task_success_rate": 0.9,
  "task_success_95ci": [
    0.7863950966521162,
    0.956524876008429
  ],
  "collision_free_success_rate": 0.9,
  "human_collision_rate": 0.06,
  "human_collision_95ci": [
    0.020614596364630478,
    0.16217343370877002
  ],
  "near_miss_rate": 0.06,
  "mean_minimum_separation": 0.27971032757672093,
  "median_minimum_separation": 0.3118056141111487,
  "p05_minimum_separation": 0.037192007031355945,
  "worst_minimum_separation": -0.0002664376948179059,
  "mean_completion_time_successes": 3.025555555555555,
  "mean_episode_duration": 3.272,
  "mean_episode_length": 65.44,
  "mean_placement_error": 0.05070921712913543,
  "median_placement_error": 0.017213294570945333,
  "p90_placement_error": 0.04506092091852573,
  "grasp_rate": 0.96,
  "lift_rate": 0.86,
  "mean_safety_interventions": 53.16,
  "mean_safety_clamped_steps": 53.16,
  "mean_safety_clamp_rate": 0.801897369140509,
  "mean_proximity_steps": 1.12,
  "mean_waiting_steps": 1.0,
  "mean_waiting_time": 0.05,
  "mean_episode_reward": 244.60925925415748,
  "mean_human_safety_cost": 6.837773116276391
}
episode CSV: results\human_aware_curriculum_hold_s3\checkpoint_validation\callback_best.csv
summary JSON: results\human_aware_curriculum_hold_s3\checkpoint_validation\callback_best.json
