COMMAND: D:\Games\piper_sim\.venv\Scripts\python.exe -B -m piper_rl.scripts.evaluate_human_aware --model runs\human_aware_curriculum_hold_s3\checkpoints\piper_200000_steps.zip --algo sac --experiment randomized-id --episodes 50 --seed 21000 --out results\human_aware_curriculum_hold_s3\checkpoint_validation\step_200000
Wrapping the env with a `Monitor` wrapper
Wrapping the env in a DummyVecEnv.
{
  "experiment": "randomized-id",
  "distribution": "evaluation_id",
  "episodes": 50,
  "deterministic_prediction": true,
  "task_success_rate": 0.0,
  "task_success_95ci": [
    0.0,
    0.07135003417431873
  ],
  "collision_free_success_rate": 0.0,
  "human_collision_rate": 0.5,
  "human_collision_95ci": [
    0.36644286412332855,
    0.6335571358766714
  ],
  "near_miss_rate": 0.8,
  "mean_minimum_separation": 0.03693143361573647,
  "median_minimum_separation": -2.515316714181426e-05,
  "p05_minimum_separation": -0.02963662939283443,
  "worst_minimum_separation": -0.05745384346172578,
  "mean_completion_time_successes": null,
  "mean_episode_duration": 7.332000000000001,
  "mean_episode_length": 146.64,
  "mean_placement_error": 0.339335210014523,
  "median_placement_error": 0.34930449786592344,
  "p90_placement_error": 0.45143697289620055,
  "grasp_rate": 0.22,
  "lift_rate": 0.0,
  "mean_safety_interventions": 135.52,
  "mean_safety_clamped_steps": 135.52,
  "mean_safety_clamp_rate": 0.9165180306874378,
  "mean_proximity_steps": 39.04,
  "mean_waiting_steps": 35.22,
  "mean_waiting_time": 1.7610000000000001,
  "mean_episode_reward": -95.12684343921649,
  "mean_human_safety_cost": 88.77874704466865
}
episode CSV: results\human_aware_curriculum_hold_s3\checkpoint_validation\step_200000.csv
summary JSON: results\human_aware_curriculum_hold_s3\checkpoint_validation\step_200000.json
