COMMAND: D:\Games\piper_sim\.venv\Scripts\python.exe -B -m piper_rl.scripts.evaluate_human_aware --model runs\human_aware_curriculum_hold_s3\checkpoints\piper_600000_steps.zip --algo sac --experiment randomized-id --episodes 50 --seed 21000 --out results\human_aware_curriculum_hold_s3\checkpoint_validation\step_600000
Wrapping the env with a `Monitor` wrapper
Wrapping the env in a DummyVecEnv.
{
  "experiment": "randomized-id",
  "distribution": "evaluation_id",
  "episodes": 50,
  "deterministic_prediction": true,
  "task_success_rate": 0.0,
  "task_success_95ci": [
    0.0,
    0.07135003417431873
  ],
  "collision_free_success_rate": 0.0,
  "human_collision_rate": 0.32,
  "human_collision_95ci": [
    0.20758044093999403,
    0.45810557136276076
  ],
  "near_miss_rate": 0.68,
  "mean_minimum_separation": 0.04987475190675286,
  "median_minimum_separation": 0.014898057849735843,
  "p05_minimum_separation": -0.03425758319687163,
  "worst_minimum_separation": -0.05735813995415222,
  "mean_completion_time_successes": null,
  "mean_episode_duration": 7.545000000000001,
  "mean_episode_length": 150.9,
  "mean_placement_error": 0.3309541798642001,
  "median_placement_error": 0.3275268256081021,
  "p90_placement_error": 0.42379506592144117,
  "grasp_rate": 0.2,
  "lift_rate": 0.0,
  "mean_safety_interventions": 130.54,
  "mean_safety_clamped_steps": 130.54,
  "mean_safety_clamp_rate": 0.8315477773627918,
  "mean_proximity_steps": 42.0,
  "mean_waiting_steps": 33.82,
  "mean_waiting_time": 1.6909999999999998,
  "mean_episode_reward": -91.22337274889841,
  "mean_human_safety_cost": 69.06464107916614
}
episode CSV: results\human_aware_curriculum_hold_s3\checkpoint_validation\step_600000.csv
summary JSON: results\human_aware_curriculum_hold_s3\checkpoint_validation\step_600000.json
