COMMAND: D:\Games\piper_sim\.venv\Scripts\python.exe -B -m piper_rl.scripts.evaluate_human_aware --model runs\human_aware_curriculum_hold_s3\checkpoints\piper_1000000_steps.zip --algo sac --experiment randomized-id --episodes 50 --seed 21000 --out results\human_aware_curriculum_hold_s3\checkpoint_validation\step_1000000
Wrapping the env with a `Monitor` wrapper
Wrapping the env in a DummyVecEnv.
{
  "experiment": "randomized-id",
  "distribution": "evaluation_id",
  "episodes": 50,
  "deterministic_prediction": true,
  "task_success_rate": 0.08,
  "task_success_95ci": [
    0.031549003255790686,
    0.18838502545063704
  ],
  "collision_free_success_rate": 0.08,
  "human_collision_rate": 0.28,
  "human_collision_95ci": [
    0.17474014357680362,
    0.4166538714598967
  ],
  "near_miss_rate": 0.52,
  "mean_minimum_separation": 0.10321796817164516,
  "median_minimum_separation": 0.054514593641447014,
  "p05_minimum_separation": -0.032752755244974015,
  "worst_minimum_separation": -0.041174659310494396,
  "mean_completion_time_successes": 4.1875,
  "mean_episode_duration": 7.218000000000001,
  "mean_episode_length": 144.36,
  "mean_placement_error": 0.2589633420912283,
  "median_placement_error": 0.28046057347782116,
  "p90_placement_error": 0.42047453829566367,
  "grasp_rate": 0.48,
  "lift_rate": 0.08,
  "mean_safety_interventions": 131.52,
  "mean_safety_clamped_steps": 131.52,
  "mean_safety_clamp_rate": 0.8938108123112682,
  "mean_proximity_steps": 30.8,
  "mean_waiting_steps": 26.58,
  "mean_waiting_time": 1.3290000000000004,
  "mean_episode_reward": -41.22098699360299,
  "mean_human_safety_cost": 54.25189230099361
}
episode CSV: results\human_aware_curriculum_hold_s3\checkpoint_validation\step_1000000.csv
summary JSON: results\human_aware_curriculum_hold_s3\checkpoint_validation\step_1000000.json
